2024-12-05 11:22:09.678 [] INFO  - org.ligot.afriyan.OngafriyanApplication - Starting OngafriyanApplication using Java 17.0.1 with PID 2416 (C:\Users\GLC\Documents\Project\Java\Formation\bizz\ongafriyan\target\classes started by GLC in C:\Users\GLC\Documents\Project\Java\Formation\bizz\ongafriyan)
2024-12-05 11:22:09.690 [] INFO  - org.ligot.afriyan.OngafriyanApplication - The following 1 profile is active: "prod"
2024-12-05 11:22:09.779 [] INFO  - org.springframework.boot.devtools.env.DevToolsPropertyDefaultsPostProcessor - Devtools property defaults active! Set 'spring.devtools.add-properties' to 'false' to disable
2024-12-05 11:22:09.780 [] INFO  - org.springframework.boot.devtools.env.DevToolsPropertyDefaultsPostProcessor - For additional web related logging consider setting the 'logging.level.web' property to 'DEBUG'
2024-12-05 11:22:12.091 [] INFO  - org.springframework.data.repository.config.RepositoryConfigurationDelegate - Bootstrapping Spring Data JPA repositories in DEFAULT mode.
2024-12-05 11:22:12.446 [] INFO  - org.springframework.data.repository.config.RepositoryConfigurationDelegate - Finished Spring Data repository scanning in 344 ms. Found 41 JPA repository interfaces.
2024-12-05 11:22:13.250 [] INFO  - org.springframework.boot.web.embedded.tomcat.TomcatWebServer - Tomcat initialized with port(s): 8087 (http)
2024-12-05 11:22:13.261 [] INFO  - org.apache.catalina.core.StandardService - Starting service [Tomcat]
2024-12-05 11:22:13.262 [] INFO  - org.apache.catalina.core.StandardEngine - Starting Servlet engine: [Apache Tomcat/10.1.10]
2024-12-05 11:22:13.345 [] INFO  - org.apache.catalina.core.ContainerBase.[Tomcat].[localhost].[/] - Initializing Spring embedded WebApplicationContext
2024-12-05 11:22:13.345 [] INFO  - org.springframework.boot.web.servlet.context.ServletWebServerApplicationContext - Root WebApplicationContext: initialization completed in 3564 ms
2024-12-05 11:22:13.721 [] INFO  - org.hibernate.jpa.internal.util.LogHelper - HHH000204: Processing PersistenceUnitInfo [name: default]
2024-12-05 11:22:13.787 [] INFO  - org.hibernate.Version - HHH000412: Hibernate ORM core version 6.2.5.Final
2024-12-05 11:22:13.791 [] INFO  - org.hibernate.cfg.Environment - HHH000406: Using bytecode reflection optimizer
2024-12-05 11:22:13.960 [] INFO  - org.hibernate.bytecode.internal.BytecodeProviderInitiator - HHH000021: Bytecode provider name : bytebuddy
2024-12-05 11:22:14.115 [] INFO  - org.springframework.orm.jpa.persistenceunit.SpringPersistenceUnitInfo - No LoadTimeWeaver setup: ignoring JPA class transformer
2024-12-05 11:22:14.135 [] INFO  - com.zaxxer.hikari.HikariDataSource - HikariPool-1 - Starting...
2024-12-05 11:22:16.745 [] INFO  - com.zaxxer.hikari.pool.HikariPool - HikariPool-1 - Added connection org.postgresql.jdbc.PgConnection@f820793
2024-12-05 11:22:16.747 [] INFO  - com.zaxxer.hikari.HikariDataSource - HikariPool-1 - Start completed.
2024-12-05 11:22:18.287 [] INFO  - org.hibernate.bytecode.internal.BytecodeProviderInitiator - HHH000021: Bytecode provider name : bytebuddy
2024-12-05 11:22:19.340 [] INFO  - org.hibernate.metamodel.internal.EntityInstantiatorPojoStandard - HHH000182: No default (no-argument) constructor for class: org.ligot.afriyan.entities.UserConnect (class must be instantiated by Interceptor)
2024-12-05 11:22:19.901 [] INFO  - org.hibernate.engine.transaction.jta.platform.internal.JtaPlatformInitiator - HHH000490: Using JtaPlatform implementation: [org.hibernate.engine.transaction.jta.platform.internal.NoJtaPlatform]
2024-12-05 11:22:22.589 [] INFO  - org.springframework.orm.jpa.LocalContainerEntityManagerFactoryBean - Initialized JPA EntityManagerFactory for persistence unit 'default'
2024-12-05 11:22:22.955 [] INFO  - org.springframework.data.jpa.repository.query.QueryEnhancerFactory - Hibernate is in classpath; If applicable, HQL parser will be used.
2024-12-05 11:22:25.992 [] INFO  - org.springframework.boot.actuate.endpoint.web.EndpointLinksResolver - Exposing 1 endpoint(s) beneath base path '/actuator'
2024-12-05 11:22:26.096 [] INFO  - org.springframework.security.web.DefaultSecurityFilterChain - Will secure any request with [org.springframework.security.web.session.DisableEncodeUrlFilter@4b3a6d3c, org.springframework.security.web.context.request.async.WebAsyncManagerIntegrationFilter@3248a605, org.springframework.security.web.context.SecurityContextHolderFilter@57479fd0, org.springframework.security.web.header.HeaderWriterFilter@5240f46e, org.springframework.security.web.authentication.logout.LogoutFilter@5981fc6e, org.ligot.afriyan.config.securities.JwtAuthenticationFilter@76c042eb, org.springframework.security.web.savedrequest.RequestCacheAwareFilter@7aa674dc, org.springframework.security.web.servletapi.SecurityContextHolderAwareRequestFilter@9aad4ea, org.springframework.security.web.authentication.AnonymousAuthenticationFilter@37380010, org.springframework.security.web.session.SessionManagementFilter@7d542fe3, org.springframework.security.web.access.ExceptionTranslationFilter@71a48de4, org.springframework.security.web.access.intercept.AuthorizationFilter@42877197]
2024-12-05 11:22:26.828 [] INFO  - org.springframework.boot.devtools.autoconfigure.OptionalLiveReloadServer - LiveReload server is running on port 35729
2024-12-05 11:22:26.938 [] INFO  - org.springframework.boot.web.embedded.tomcat.TomcatWebServer - Tomcat started on port(s): 8087 (http) with context path ''
2024-12-05 11:22:26.961 [] INFO  - org.ligot.afriyan.OngafriyanApplication - Started OngafriyanApplication in 17.801 seconds (process running for 19.813)
2024-12-05 11:26:49.200 [] INFO  - org.springframework.orm.jpa.LocalContainerEntityManagerFactoryBean - Closing JPA EntityManagerFactory for persistence unit 'default'
2024-12-05 11:26:49.206 [] INFO  - com.zaxxer.hikari.HikariDataSource - HikariPool-1 - Shutdown initiated...
2024-12-05 11:26:49.210 [] INFO  - com.zaxxer.hikari.HikariDataSource - HikariPool-1 - Shutdown completed.
